{"action":"getDocument","messages":[],"modifications":[],"text":"Karin fliegt nach New York . Sie will dort Urlaub machen .","ctime":0,"mtime":0,"info":null,"relations":[[243,"DEP_SB",[["Arg1",115],["Arg2",120]]],[257,"DEP_MO",[["Arg1",125],["Arg2",120]]],[250,"DEP_ROOT",[["Arg1",120],["Arg2",120]]],[271,"DEP_NK",[["Arg1",135],["Arg2",125]]],[264,"DEP_PNC",[["Arg1",130],["Arg2",135]]],[278,"DEP_--",[["Arg1",140],["Arg2",135]]],[285,"DEP_SB",[["Arg1",145],["Arg2",150]]],[313,"DEP_OC",[["Arg1",165],["Arg2",150]]],[292,"DEP_ROOT",[["Arg1",150],["Arg2",150]]],[299,"DEP_MO",[["Arg1",155],["Arg2",165]]],[306,"DEP_OA",[["Arg1",160],["Arg2",165]]],[320,"DEP_--",[["Arg1",170],["Arg2",165]]],[337,"1COREF_anaphoric",[["Arg1",337],["Arg2",344]]],[354,"2COREF_anaphoric",[["Arg1",354],["Arg2",361]]],[337,"1COREF_anaphoric",[["Arg1",337],["Arg2",344]]],[354,"2COREF_anaphoric",[["Arg1",354],["Arg2",361]]]],"entities":[[115,"POS_NE",[[0,5]]],[120,"POS_VVFIN",[[6,12]]],[125,"POS_APPR",[[13,17]]],[130,"POS_NE",[[18,21]]],[135,"POS_NE",[[22,26]]],[140,"POS_$.",[[27,28]]],[145,"POS_PPER",[[29,32]]],[150,"POS_VMFIN",[[33,37]]],[155,"POS_ADV",[[38,42]]],[160,"POS_NN",[[43,49]]],[165,"POS_VVINF",[[50,56]]],[170,"POS_$.",[[57,58]]],[337,"COREFT_nam",[[0,5]]],[354,"COREFT_nam",[[18,26]]],[344,"COREFT_pro.per3",[[29,32]]],[344,"COREFT_pro.per3",[[29,32]]],[361,"COREFT_adv",[[38,42]]],[361,"COREFT_adv",[[38,42]]],[175,"Karin",[[0,5]]],[180,"fliegen",[[6,12]]],[185,"nach",[[13,17]]],[190,"--",[[18,21]]],[195,"York",[[22,26]]],[200,"--",[[27,28]]],[205,"sie",[[29,32]]],[210,"wollen",[[33,37]]],[215,"dort",[[38,42]]],[220,"Urlaub",[[43,49]]],[225,"machen",[[50,56]]],[230,"--",[[57,58]]],[327,"Named Entity_PER",[[0,5]]],[332,"Named Entity_LOC",[[18,26]]]],"attributes":[],"equivs":[],"comments":[],"sentence_number_offset":0,"source_files":[],"token_offsets":[[0,5],[6,12],[13,17],[18,21],[22,26],[27,28],[29,32],[33,37],[38,42],[43,49],[50,56],[57,58]],"sentence_offsets":[[0,28],[29,58]]}