{"action":"getCollectionInformation","messages":[],"description":null,"parent":null,"header":[["Document","string"],["Modified","time"],["Entities","int"],["Relations","int"],["Events","int"]],"items":[["c",null,"/Collection1/"],["c",null,"/Collection2/"],["c",null,"/Collection3/"],["d",null,"/Collection1/doc1"],["d",null,"/Collection2/doc1"],["d",null,"/Collection3/doc1"],["d",null,"/Collection1/doc2"],["d",null,"/Collection2/doc2"],["d",null,"/Collection3/doc2"]],"disambiguator_config":[],"search_config":[],"ner_taggers":null,"annotation_logging":false,"entity_types":[{"name":"POS","type":"POS","unused":true,"hotkey":"","fgColor":"red","bgColor":"blue","borderColor":"blue","labels":[],"children":[{"name":"NN","type":"POS_NN","unused":false,"hotkey":"","fgColor":"red","bgColor":"yellow","borderColor":"blue","labels":["NN"],"children":[],"attributes":[],"arcs":[]}],"attributes":[],"arcs":[]}]}