{"action":"getDocument","messages":[],"modifications":[],"text":"Karin fliegt nach New York . Sie will dort Urlaub machen .","ctime":0,"mtime":0,"info":null,"relations":[],"entities":[],"attributes":[],"equivs":[],"comments":[],"sentence_number_offset":0,"source_files":[],"token_offsets":[[0,5],[6,12],[13,17],[18,21],[22,26],[27,28],[29,32],[33,37],[38,42],[43,49],[50,56],[57,58]],"sentence_offsets":[[0,28],[29,58]]}